{
  "Background": null,
  "Children": [
    {
      "Background": null,
      "Children": [
        {
          "Background": null,
          "Children": [],
          "Depth": 0.0,
          "Foreground": null,
          "Height": 0.0,
          "Italic": 0.0,
          "Shift": 0.0,
          "Source": null,
          "TotalHeight": 0.0,
          "TotalWidth": 0.175,
          "Width": 0.175
        },
        {
          "Background": null,
          "Children": [
            {
              "Background": null,
              "Children": [],
              "Depth": 0.0,
              "Foreground": null,
              "Height": 0.175,
              "Italic": 0.0,
              "Shift": 0.0,
              "Source": null,
              "TotalHeight": 0.175,
              "TotalWidth": 0.0,
              "Width": 0.0
            },
            {
              "Background": null,
              "Character": {
                "Character": "A",
                "Font": "pack://application:,,,/WpfMath;component/Fonts/cmmi10.ttf",
                "FontId": 0,
                "Metrics": {
                  "Depth": 0.0,
                  "Height": 0.683332,
                  "Italic": 0.0,
                  "Width": 0.750002
                },
                "Size": 1.0
              },
              "Children": [],
              "Depth": 0.0,
              "Foreground": null,
              "Height": 0.683332,
              "Italic": 0.0,
              "Shift": 0.0,
              "Source": {
                "End": 9,
                "Length": 1,
                "Source": "\\matrix{A & B \\\\ A & B \\\\ & B}",
                "SourceName": "User input",
                "Start": 8
              },
              "TotalHeight": 0.683332,
              "TotalWidth": 0.750002,
              "Width": 0.750002
            },
            {
              "Background": null,
              "Children": [],
              "Depth": 0.0,
              "Foreground": null,
              "Height": 0.175,
              "Italic": 0.0,
              "Shift": 0.0,
              "Source": null,
              "TotalHeight": 0.175,
              "TotalWidth": 0.0,
              "Width": 0.0
            }
          ],
          "Depth": 0.0,
          "Foreground": null,
          "Height": 1.033332,
          "Italic": 0.0,
          "Shift": 0.0,
          "Source": null,
          "TotalHeight": 1.033332,
          "TotalWidth": 0.750002,
          "Width": 0.750002
        },
        {
          "Background": null,
          "Children": [],
          "Depth": 0.0,
          "Foreground": null,
          "Height": 0.0,
          "Italic": 0.0,
          "Shift": 0.0,
          "Source": null,
          "TotalHeight": 0.0,
          "TotalWidth": 0.175,
          "Width": 0.175
        },
        {
          "Background": null,
          "Children": [],
          "Depth": 0.0,
          "Foreground": null,
          "Height": 0.0,
          "Italic": 0.0,
          "Shift": 0.0,
          "Source": null,
          "TotalHeight": 0.0,
          "TotalWidth": 0.175,
          "Width": 0.175
        },
        {
          "Background": null,
          "Children": [
            {
              "Background": null,
              "Children": [],
              "Depth": 0.0,
              "Foreground": null,
              "Height": 0.175,
              "Italic": 0.0,
              "Shift": 0.0,
              "Source": null,
              "TotalHeight": 0.175,
              "TotalWidth": 0.0,
              "Width": 0.0
            },
            {
              "Background": null,
              "Character": {
                "Character": "B",
                "Font": "pack://application:,,,/WpfMath;component/Fonts/cmmi10.ttf",
                "FontId": 0,
                "Metrics": {
                  "Depth": 0.0,
                  "Height": 0.683332,
                  "Italic": 0.050173,
                  "Width": 0.75851
                },
                "Size": 1.0
              },
              "Children": [],
              "Depth": 0.0,
              "Foreground": null,
              "Height": 0.683332,
              "Italic": 0.050173,
              "Shift": 0.0,
              "Source": {
                "End": 13,
                "Length": 1,
                "Source": "\\matrix{A & B \\\\ A & B \\\\ & B}",
                "SourceName": "User input",
                "Start": 12
              },
              "TotalHeight": 0.683332,
              "TotalWidth": 0.808683,
              "Width": 0.75851
            },
            {
              "Background": null,
              "Children": [],
              "Depth": 0.0,
              "Foreground": null,
              "Height": 0.175,
              "Italic": 0.0,
              "Shift": 0.0,
              "Source": null,
              "TotalHeight": 0.175,
              "TotalWidth": 0.0,
              "Width": 0.0
            }
          ],
          "Depth": 0.0,
          "Foreground": null,
          "Height": 1.033332,
          "Italic": 0.0,
          "Shift": 0.0,
          "Source": null,
          "TotalHeight": 1.033332,
          "TotalWidth": 0.75851,
          "Width": 0.75851
        },
        {
          "Background": null,
          "Children": [],
          "Depth": 0.0,
          "Foreground": null,
          "Height": 0.0,
          "Italic": 0.0,
          "Shift": 0.0,
          "Source": null,
          "TotalHeight": 0.0,
          "TotalWidth": 0.175,
          "Width": 0.175
        }
      ],
      "Depth": 0.0,
      "Foreground": null,
      "Height": 1.033332,
      "Italic": 0.0,
      "Shift": 0.0,
      "Source": null,
      "TotalHeight": 1.033332,
      "TotalWidth": 2.208512,
      "Width": 2.208512
    },
    {
      "Background": null,
      "Children": [
        {
          "Background": null,
          "Children": [],
          "Depth": 0.0,
          "Foreground": null,
          "Height": 0.0,
          "Italic": 0.0,
          "Shift": 0.0,
          "Source": null,
          "TotalHeight": 0.0,
          "TotalWidth": 0.175,
          "Width": 0.175
        },
        {
          "Background": null,
          "Children": [
            {
              "Background": null,
              "Children": [],
              "Depth": 0.0,
              "Foreground": null,
              "Height": 0.175,
              "Italic": 0.0,
              "Shift": 0.0,
              "Source": null,
              "TotalHeight": 0.175,
              "TotalWidth": 0.0,
              "Width": 0.0
            },
            {
              "Background": null,
              "Character": {
                "Character": "A",
                "Font": "pack://application:,,,/WpfMath;component/Fonts/cmmi10.ttf",
                "FontId": 0,
                "Metrics": {
                  "Depth": 0.0,
                  "Height": 0.683332,
                  "Italic": 0.0,
                  "Width": 0.750002
                },
                "Size": 1.0
              },
              "Children": [],
              "Depth": 0.0,
              "Foreground": null,
              "Height": 0.683332,
              "Italic": 0.0,
              "Shift": 0.0,
              "Source": {
                "End": 18,
                "Length": 1,
                "Source": "\\matrix{A & B \\\\ A & B \\\\ & B}",
                "SourceName": "User input",
                "Start": 17
              },
              "TotalHeight": 0.683332,
              "TotalWidth": 0.750002,
              "Width": 0.750002
            },
            {
              "Background": null,
              "Children": [],
              "Depth": 0.0,
              "Foreground": null,
              "Height": 0.175,
              "Italic": 0.0,
              "Shift": 0.0,
              "Source": null,
              "TotalHeight": 0.175,
              "TotalWidth": 0.0,
              "Width": 0.0
            }
          ],
          "Depth": 0.0,
          "Foreground": null,
          "Height": 1.033332,
          "Italic": 0.0,
          "Shift": 0.0,
          "Source": null,
          "TotalHeight": 1.033332,
          "TotalWidth": 0.750002,
          "Width": 0.750002
        },
        {
          "Background": null,
          "Children": [],
          "Depth": 0.0,
          "Foreground": null,
          "Height": 0.0,
          "Italic": 0.0,
          "Shift": 0.0,
          "Source": null,
          "TotalHeight": 0.0,
          "TotalWidth": 0.175,
          "Width": 0.175
        },
        {
          "Background": null,
          "Children": [],
          "Depth": 0.0,
          "Foreground": null,
          "Height": 0.0,
          "Italic": 0.0,
          "Shift": 0.0,
          "Source": null,
          "TotalHeight": 0.0,
          "TotalWidth": 0.175,
          "Width": 0.175
        },
        {
          "Background": null,
          "Children": [
            {
              "Background": null,
              "Children": [],
              "Depth": 0.0,
              "Foreground": null,
              "Height": 0.175,
              "Italic": 0.0,
              "Shift": 0.0,
              "Source": null,
              "TotalHeight": 0.175,
              "TotalWidth": 0.0,
              "Width": 0.0
            },
            {
              "Background": null,
              "Character": {
                "Character": "B",
                "Font": "pack://application:,,,/WpfMath;component/Fonts/cmmi10.ttf",
                "FontId": 0,
                "Metrics": {
                  "Depth": 0.0,
                  "Height": 0.683332,
                  "Italic": 0.050173,
                  "Width": 0.75851
                },
                "Size": 1.0
              },
              "Children": [],
              "Depth": 0.0,
              "Foreground": null,
              "Height": 0.683332,
              "Italic": 0.050173,
              "Shift": 0.0,
              "Source": {
                "End": 22,
                "Length": 1,
                "Source": "\\matrix{A & B \\\\ A & B \\\\ & B}",
                "SourceName": "User input",
                "Start": 21
              },
              "TotalHeight": 0.683332,
              "TotalWidth": 0.808683,
              "Width": 0.75851
            },
            {
              "Background": null,
              "Children": [],
              "Depth": 0.0,
              "Foreground": null,
              "Height": 0.175,
              "Italic": 0.0,
              "Shift": 0.0,
              "Source": null,
              "TotalHeight": 0.175,
              "TotalWidth": 0.0,
              "Width": 0.0
            }
          ],
          "Depth": 0.0,
          "Foreground": null,
          "Height": 1.033332,
          "Italic": 0.0,
          "Shift": 0.0,
          "Source": null,
          "TotalHeight": 1.033332,
          "TotalWidth": 0.75851,
          "Width": 0.75851
        },
        {
          "Background": null,
          "Children": [],
          "Depth": 0.0,
          "Foreground": null,
          "Height": 0.0,
          "Italic": 0.0,
          "Shift": 0.0,
          "Source": null,
          "TotalHeight": 0.0,
          "TotalWidth": 0.175,
          "Width": 0.175
        }
      ],
      "Depth": 0.0,
      "Foreground": null,
      "Height": 1.033332,
      "Italic": 0.0,
      "Shift": 0.0,
      "Source": null,
      "TotalHeight": 1.033332,
      "TotalWidth": 2.208512,
      "Width": 2.208512
    },
    {
      "Background": null,
      "Children": [
        {
          "Background": null,
          "Children": [],
          "Depth": 0.0,
          "Foreground": null,
          "Height": 0.0,
          "Italic": 0.0,
          "Shift": 0.0,
          "Source": null,
          "TotalHeight": 0.0,
          "TotalWidth": 0.550001,
          "Width": 0.550001
        },
        {
          "Background": null,
          "Children": [
            {
              "Background": null,
              "Children": [],
              "Depth": 0.0,
              "Foreground": null,
              "Height": 0.516666,
              "Italic": 0.0,
              "Shift": 0.0,
              "Source": null,
              "TotalHeight": 0.516666,
              "TotalWidth": 0.0,
              "Width": 0.0
            },
            {
              "Background": null,
              "Children": [],
              "Depth": 0.0,
              "Foreground": null,
              "Height": 0.0,
              "Italic": 0.0,
              "Shift": 0.0,
              "Source": null,
              "TotalHeight": 0.0,
              "TotalWidth": 0.0,
              "Width": 0.0
            },
            {
              "Background": null,
              "Children": [],
              "Depth": 0.0,
              "Foreground": null,
              "Height": 0.516666,
              "Italic": 0.0,
              "Shift": 0.0,
              "Source": null,
              "TotalHeight": 0.516666,
              "TotalWidth": 0.0,
              "Width": 0.0
            }
          ],
          "Depth": 0.0,
          "Foreground": null,
          "Height": 1.033332,
          "Italic": 0.0,
          "Shift": 0.0,
          "Source": null,
          "TotalHeight": 1.033332,
          "TotalWidth": 0.0,
          "Width": 0.0
        },
        {
          "Background": null,
          "Children": [],
          "Depth": 0.0,
          "Foreground": null,
          "Height": 0.0,
          "Italic": 0.0,
          "Shift": 0.0,
          "Source": null,
          "TotalHeight": 0.0,
          "TotalWidth": 0.550001,
          "Width": 0.550001
        },
        {
          "Background": null,
          "Children": [],
          "Depth": 0.0,
          "Foreground": null,
          "Height": 0.0,
          "Italic": 0.0,
          "Shift": 0.0,
          "Source": null,
          "TotalHeight": 0.0,
          "TotalWidth": 0.175,
          "Width": 0.175
        },
        {
          "Background": null,
          "Children": [
            {
              "Background": null,
              "Children": [],
              "Depth": 0.0,
              "Foreground": null,
              "Height": 0.175,
              "Italic": 0.0,
              "Shift": 0.0,
              "Source": null,
              "TotalHeight": 0.175,
              "TotalWidth": 0.0,
              "Width": 0.0
            },
            {
              "Background": null,
              "Character": {
                "Character": "B",
                "Font": "pack://application:,,,/WpfMath;component/Fonts/cmmi10.ttf",
                "FontId": 0,
                "Metrics": {
                  "Depth": 0.0,
                  "Height": 0.683332,
                  "Italic": 0.050173,
                  "Width": 0.75851
                },
                "Size": 1.0
              },
              "Children": [],
              "Depth": 0.0,
              "Foreground": null,
              "Height": 0.683332,
              "Italic": 0.050173,
              "Shift": 0.0,
              "Source": {
                "End": 29,
                "Length": 1,
                "Source": "\\matrix{A & B \\\\ A & B \\\\ & B}",
                "SourceName": "User input",
                "Start": 28
              },
              "TotalHeight": 0.683332,
              "TotalWidth": 0.808683,
              "Width": 0.75851
            },
            {
              "Background": null,
              "Children": [],
              "Depth": 0.0,
              "Foreground": null,
              "Height": 0.175,
              "Italic": 0.0,
              "Shift": 0.0,
              "Source": null,
              "TotalHeight": 0.175,
              "TotalWidth": 0.0,
              "Width": 0.0
            }
          ],
          "Depth": 0.0,
          "Foreground": null,
          "Height": 1.033332,
          "Italic": 0.0,
          "Shift": 0.0,
          "Source": null,
          "TotalHeight": 1.033332,
          "TotalWidth": 0.75851,
          "Width": 0.75851
        },
        {
          "Background": null,
          "Children": [],
          "Depth": 0.0,
          "Foreground": null,
          "Height": 0.0,
          "Italic": 0.0,
          "Shift": 0.0,
          "Source": null,
          "TotalHeight": 0.0,
          "TotalWidth": 0.175,
          "Width": 0.175
        }
      ],
      "Depth": 0.0,
      "Foreground": null,
      "Height": 1.033332,
      "Italic": 0.0,
      "Shift": 0.0,
      "Source": null,
      "TotalHeight": 1.033332,
      "TotalWidth": 2.208512,
      "Width": 2.208512
    }
  ],
  "Depth": 1.299998,
  "Foreground": null,
  "Height": 1.799998,
  "Italic": 0.0,
  "Shift": 0.0,
  "Source": {
    "End": 30,
    "Length": 29,
    "Source": "\\matrix{A & B \\\\ A & B \\\\ & B}",
    "SourceName": "User input",
    "Start": 1
  },
  "TotalHeight": 3.099996,
  "TotalWidth": 2.208512,
  "Width": 2.208512
}