{
  "RootAtom": {
    "[AtomType]": "FencedAtom",
    "BaseAtom": {
      "[AtomType]": "MatrixAtom",
      "HorizontalPadding": 0.35,
      "MatrixCellAlignment": "Center",
      "MatrixCells": [
        [
          {
            "[AtomType]": "RowAtom",
            "Elements": [
              {
                "[AtomType]": "CharAtom",
                "Character": "l",
                "IsTextSymbol": false,
                "Source": {
                  "End": 16,
                  "Length": 1,
                  "Source": "\\begin{pmatrix}line 1\\\\\\pmatrix{line x & line y}\\end{pmatrix}",
                  "SourceName": "User input",
                  "Start": 15
                },
                "TextStyle": null,
                "Type": "Ordinary"
              },
              {
                "[AtomType]": "CharAtom",
                "Character": "i",
                "IsTextSymbol": false,
                "Source": {
                  "End": 17,
                  "Length": 1,
                  "Source": "\\begin{pmatrix}line 1\\\\\\pmatrix{line x & line y}\\end{pmatrix}",
                  "SourceName": "User input",
                  "Start": 16
                },
                "TextStyle": null,
                "Type": "Ordinary"
              },
              {
                "[AtomType]": "CharAtom",
                "Character": "n",
                "IsTextSymbol": false,
                "Source": {
                  "End": 18,
                  "Length": 1,
                  "Source": "\\begin{pmatrix}line 1\\\\\\pmatrix{line x & line y}\\end{pmatrix}",
                  "SourceName": "User input",
                  "Start": 17
                },
                "TextStyle": null,
                "Type": "Ordinary"
              },
              {
                "[AtomType]": "CharAtom",
                "Character": "e",
                "IsTextSymbol": false,
                "Source": {
                  "End": 19,
                  "Length": 1,
                  "Source": "\\begin{pmatrix}line 1\\\\\\pmatrix{line x & line y}\\end{pmatrix}",
                  "SourceName": "User input",
                  "Start": 18
                },
                "TextStyle": null,
                "Type": "Ordinary"
              },
              {
                "[AtomType]": "CharAtom",
                "Character": "1",
                "IsTextSymbol": false,
                "Source": {
                  "End": 21,
                  "Length": 1,
                  "Source": "\\begin{pmatrix}line 1\\\\\\pmatrix{line x & line y}\\end{pmatrix}",
                  "SourceName": "User input",
                  "Start": 20
                },
                "TextStyle": null,
                "Type": "Ordinary"
              }
            ],
            "PreviousAtom": null,
            "Source": {
              "End": 21,
              "Length": 6,
              "Source": "\\begin{pmatrix}line 1\\\\\\pmatrix{line x & line y}\\end{pmatrix}",
              "SourceName": "User input",
              "Start": 15
            },
            "Type": "Ordinary"
          }
        ],
        [
          {
            "[AtomType]": "FencedAtom",
            "BaseAtom": {
              "[AtomType]": "MatrixAtom",
              "HorizontalPadding": 0.35,
              "MatrixCellAlignment": "Center",
              "MatrixCells": [
                [
                  {
                    "[AtomType]": "RowAtom",
                    "Elements": [
                      {
                        "[AtomType]": "CharAtom",
                        "Character": "l",
                        "IsTextSymbol": false,
                        "Source": {
                          "End": 33,
                          "Length": 1,
                          "Source": "\\begin{pmatrix}line 1\\\\\\pmatrix{line x & line y}\\end{pmatrix}",
                          "SourceName": "User input",
                          "Start": 32
                        },
                        "TextStyle": null,
                        "Type": "Ordinary"
                      },
                      {
                        "[AtomType]": "CharAtom",
                        "Character": "i",
                        "IsTextSymbol": false,
                        "Source": {
                          "End": 34,
                          "Length": 1,
                          "Source": "\\begin{pmatrix}line 1\\\\\\pmatrix{line x & line y}\\end{pmatrix}",
                          "SourceName": "User input",
                          "Start": 33
                        },
                        "TextStyle": null,
                        "Type": "Ordinary"
                      },
                      {
                        "[AtomType]": "CharAtom",
                        "Character": "n",
                        "IsTextSymbol": false,
                        "Source": {
                          "End": 35,
                          "Length": 1,
                          "Source": "\\begin{pmatrix}line 1\\\\\\pmatrix{line x & line y}\\end{pmatrix}",
                          "SourceName": "User input",
                          "Start": 34
                        },
                        "TextStyle": null,
                        "Type": "Ordinary"
                      },
                      {
                        "[AtomType]": "CharAtom",
                        "Character": "e",
                        "IsTextSymbol": false,
                        "Source": {
                          "End": 36,
                          "Length": 1,
                          "Source": "\\begin{pmatrix}line 1\\\\\\pmatrix{line x & line y}\\end{pmatrix}",
                          "SourceName": "User input",
                          "Start": 35
                        },
                        "TextStyle": null,
                        "Type": "Ordinary"
                      },
                      {
                        "[AtomType]": "CharAtom",
                        "Character": "x",
                        "IsTextSymbol": false,
                        "Source": {
                          "End": 38,
                          "Length": 1,
                          "Source": "\\begin{pmatrix}line 1\\\\\\pmatrix{line x & line y}\\end{pmatrix}",
                          "SourceName": "User input",
                          "Start": 37
                        },
                        "TextStyle": null,
                        "Type": "Ordinary"
                      }
                    ],
                    "PreviousAtom": null,
                    "Source": {
                      "End": 39,
                      "Length": 7,
                      "Source": "\\begin{pmatrix}line 1\\\\\\pmatrix{line x & line y}\\end{pmatrix}",
                      "SourceName": "User input",
                      "Start": 32
                    },
                    "Type": "Ordinary"
                  },
                  {
                    "[AtomType]": "RowAtom",
                    "Elements": [
                      {
                        "[AtomType]": "CharAtom",
                        "Character": "l",
                        "IsTextSymbol": false,
                        "Source": {
                          "End": 42,
                          "Length": 1,
                          "Source": "\\begin{pmatrix}line 1\\\\\\pmatrix{line x & line y}\\end{pmatrix}",
                          "SourceName": "User input",
                          "Start": 41
                        },
                        "TextStyle": null,
                        "Type": "Ordinary"
                      },
                      {
                        "[AtomType]": "CharAtom",
                        "Character": "i",
                        "IsTextSymbol": false,
                        "Source": {
                          "End": 43,
                          "Length": 1,
                          "Source": "\\begin{pmatrix}line 1\\\\\\pmatrix{line x & line y}\\end{pmatrix}",
                          "SourceName": "User input",
                          "Start": 42
                        },
                        "TextStyle": null,
                        "Type": "Ordinary"
                      },
                      {
                        "[AtomType]": "CharAtom",
                        "Character": "n",
                        "IsTextSymbol": false,
                        "Source": {
                          "End": 44,
                          "Length": 1,
                          "Source": "\\begin{pmatrix}line 1\\\\\\pmatrix{line x & line y}\\end{pmatrix}",
                          "SourceName": "User input",
                          "Start": 43
                        },
                        "TextStyle": null,
                        "Type": "Ordinary"
                      },
                      {
                        "[AtomType]": "CharAtom",
                        "Character": "e",
                        "IsTextSymbol": false,
                        "Source": {
                          "End": 45,
                          "Length": 1,
                          "Source": "\\begin{pmatrix}line 1\\\\\\pmatrix{line x & line y}\\end{pmatrix}",
                          "SourceName": "User input",
                          "Start": 44
                        },
                        "TextStyle": null,
                        "Type": "Ordinary"
                      },
                      {
                        "[AtomType]": "CharAtom",
                        "Character": "y",
                        "IsTextSymbol": false,
                        "Source": {
                          "End": 47,
                          "Length": 1,
                          "Source": "\\begin{pmatrix}line 1\\\\\\pmatrix{line x & line y}\\end{pmatrix}",
                          "SourceName": "User input",
                          "Start": 46
                        },
                        "TextStyle": null,
                        "Type": "Ordinary"
                      }
                    ],
                    "PreviousAtom": null,
                    "Source": {
                      "End": 47,
                      "Length": 15,
                      "Source": "\\begin{pmatrix}line 1\\\\\\pmatrix{line x & line y}\\end{pmatrix}",
                      "SourceName": "User input",
                      "Start": 32
                    },
                    "Type": "Ordinary"
                  }
                ]
              ],
              "Source": {
                "End": 48,
                "Length": 24,
                "Source": "\\begin{pmatrix}line 1\\\\\\pmatrix{line x & line y}\\end{pmatrix}",
                "SourceName": "User input",
                "Start": 24
              },
              "Type": "Ordinary",
              "VerticalPadding": 0.35
            },
            "LeftDelimeter": {
              "[AtomType]": "SymbolAtom",
              "IsDelimeter": true,
              "IsTextSymbol": false,
              "Name": "lbrack",
              "Source": null,
              "Type": "Opening"
            },
            "RightDelimeter": {
              "[AtomType]": "SymbolAtom",
              "IsDelimeter": true,
              "IsTextSymbol": false,
              "Name": "rbrack",
              "Source": null,
              "Type": "Closing"
            },
            "Source": {
              "End": 48,
              "Length": 24,
              "Source": "\\begin{pmatrix}line 1\\\\\\pmatrix{line x & line y}\\end{pmatrix}",
              "SourceName": "User input",
              "Start": 24
            },
            "Type": "Ordinary"
          }
        ]
      ],
      "Source": {
        "End": 61,
        "Length": 60,
        "Source": "\\begin{pmatrix}line 1\\\\\\pmatrix{line x & line y}\\end{pmatrix}",
        "SourceName": "User input",
        "Start": 1
      },
      "Type": "Ordinary",
      "VerticalPadding": 0.35
    },
    "LeftDelimeter": {
      "[AtomType]": "SymbolAtom",
      "IsDelimeter": true,
      "IsTextSymbol": false,
      "Name": "lbrack",
      "Source": null,
      "Type": "Opening"
    },
    "RightDelimeter": {
      "[AtomType]": "SymbolAtom",
      "IsDelimeter": true,
      "IsTextSymbol": false,
      "Name": "rbrack",
      "Source": null,
      "Type": "Closing"
    },
    "Source": {
      "End": 61,
      "Length": 60,
      "Source": "\\begin{pmatrix}line 1\\\\\\pmatrix{line x & line y}\\end{pmatrix}",
      "SourceName": "User input",
      "Start": 1
    },
    "Type": "Ordinary"
  },
  "Source": {
    "End": 61,
    "Length": 61,
    "Source": "\\begin{pmatrix}line 1\\\\\\pmatrix{line x & line y}\\end{pmatrix}",
    "SourceName": "User input",
    "Start": 0
  },
  "TextStyle": null
}