{
  "RootAtom": {
    "[AtomType]": "FencedAtom",
    "BaseAtom": {
      "[AtomType]": "MatrixAtom",
      "HorizontalPadding": 0.35,
      "MatrixCellAlignment": "Center",
      "MatrixCells": [
        [
          {
            "[AtomType]": "TypedAtom",
            "Atom": {
              "[AtomType]": "RowAtom",
              "Elements": [
                {
                  "[AtomType]": "CharAtom",
                  "Character": "l",
                  "IsTextSymbol": false,
                  "Source": {
                    "End": 11,
                    "Length": 1,
                    "Source": "\\pmatrix{{line 1}\\\\line 2}",
                    "SourceName": "User input",
                    "Start": 10
                  },
                  "TextStyle": null,
                  "Type": "Ordinary"
                },
                {
                  "[AtomType]": "CharAtom",
                  "Character": "i",
                  "IsTextSymbol": false,
                  "Source": {
                    "End": 12,
                    "Length": 1,
                    "Source": "\\pmatrix{{line 1}\\\\line 2}",
                    "SourceName": "User input",
                    "Start": 11
                  },
                  "TextStyle": null,
                  "Type": "Ordinary"
                },
                {
                  "[AtomType]": "CharAtom",
                  "Character": "n",
                  "IsTextSymbol": false,
                  "Source": {
                    "End": 13,
                    "Length": 1,
                    "Source": "\\pmatrix{{line 1}\\\\line 2}",
                    "SourceName": "User input",
                    "Start": 12
                  },
                  "TextStyle": null,
                  "Type": "Ordinary"
                },
                {
                  "[AtomType]": "CharAtom",
                  "Character": "e",
                  "IsTextSymbol": false,
                  "Source": {
                    "End": 14,
                    "Length": 1,
                    "Source": "\\pmatrix{{line 1}\\\\line 2}",
                    "SourceName": "User input",
                    "Start": 13
                  },
                  "TextStyle": null,
                  "Type": "Ordinary"
                },
                {
                  "[AtomType]": "CharAtom",
                  "Character": "1",
                  "IsTextSymbol": false,
                  "Source": {
                    "End": 16,
                    "Length": 1,
                    "Source": "\\pmatrix{{line 1}\\\\line 2}",
                    "SourceName": "User input",
                    "Start": 15
                  },
                  "TextStyle": null,
                  "Type": "Ordinary"
                }
              ],
              "PreviousAtom": null,
              "Source": {
                "End": 16,
                "Length": 6,
                "Source": "\\pmatrix{{line 1}\\\\line 2}",
                "SourceName": "User input",
                "Start": 10
              },
              "Type": "Ordinary"
            },
            "LeftType": "Ordinary",
            "RightType": "Ordinary",
            "Source": {
              "End": 16,
              "Length": 6,
              "Source": "\\pmatrix{{line 1}\\\\line 2}",
              "SourceName": "User input",
              "Start": 10
            },
            "Type": "Ordinary"
          }
        ],
        [
          {
            "[AtomType]": "RowAtom",
            "Elements": [
              {
                "[AtomType]": "CharAtom",
                "Character": "l",
                "IsTextSymbol": false,
                "Source": {
                  "End": 20,
                  "Length": 1,
                  "Source": "\\pmatrix{{line 1}\\\\line 2}",
                  "SourceName": "User input",
                  "Start": 19
                },
                "TextStyle": null,
                "Type": "Ordinary"
              },
              {
                "[AtomType]": "CharAtom",
                "Character": "i",
                "IsTextSymbol": false,
                "Source": {
                  "End": 21,
                  "Length": 1,
                  "Source": "\\pmatrix{{line 1}\\\\line 2}",
                  "SourceName": "User input",
                  "Start": 20
                },
                "TextStyle": null,
                "Type": "Ordinary"
              },
              {
                "[AtomType]": "CharAtom",
                "Character": "n",
                "IsTextSymbol": false,
                "Source": {
                  "End": 22,
                  "Length": 1,
                  "Source": "\\pmatrix{{line 1}\\\\line 2}",
                  "SourceName": "User input",
                  "Start": 21
                },
                "TextStyle": null,
                "Type": "Ordinary"
              },
              {
                "[AtomType]": "CharAtom",
                "Character": "e",
                "IsTextSymbol": false,
                "Source": {
                  "End": 23,
                  "Length": 1,
                  "Source": "\\pmatrix{{line 1}\\\\line 2}",
                  "SourceName": "User input",
                  "Start": 22
                },
                "TextStyle": null,
                "Type": "Ordinary"
              },
              {
                "[AtomType]": "CharAtom",
                "Character": "2",
                "IsTextSymbol": false,
                "Source": {
                  "End": 25,
                  "Length": 1,
                  "Source": "\\pmatrix{{line 1}\\\\line 2}",
                  "SourceName": "User input",
                  "Start": 24
                },
                "TextStyle": null,
                "Type": "Ordinary"
              }
            ],
            "PreviousAtom": null,
            "Source": {
              "End": 25,
              "Length": 16,
              "Source": "\\pmatrix{{line 1}\\\\line 2}",
              "SourceName": "User input",
              "Start": 9
            },
            "Type": "Ordinary"
          }
        ]
      ],
      "Source": {
        "End": 26,
        "Length": 25,
        "Source": "\\pmatrix{{line 1}\\\\line 2}",
        "SourceName": "User input",
        "Start": 1
      },
      "Type": "Ordinary",
      "VerticalPadding": 0.35
    },
    "LeftDelimeter": {
      "[AtomType]": "SymbolAtom",
      "IsDelimeter": true,
      "IsTextSymbol": false,
      "Name": "lbrack",
      "Source": null,
      "Type": "Opening"
    },
    "RightDelimeter": {
      "[AtomType]": "SymbolAtom",
      "IsDelimeter": true,
      "IsTextSymbol": false,
      "Name": "rbrack",
      "Source": null,
      "Type": "Closing"
    },
    "Source": {
      "End": 26,
      "Length": 25,
      "Source": "\\pmatrix{{line 1}\\\\line 2}",
      "SourceName": "User input",
      "Start": 1
    },
    "Type": "Ordinary"
  },
  "Source": {
    "End": 44,
    "Length": 44,
    "Source": "\\begin{pmatrix}{line 1}\\\\line 2\\end{pmatrix}",
    "SourceName": "User input",
    "Start": 0
  },
  "TextStyle": null
}